Aug 12 07:04:52 server postfix/smtpd[3607]: SSL_accept error from tor-exit3.riverside.rocks[144.172.73.66]: -1
Aug 12 07:04:52 server postfix/smtpd[3607]: warning: TLS library problem: error:140760FC:SSL routines:SSL23_GET_CLIENT_HELLO:unknown protocol:s23_srvr.c:640:
Aug 12 07:04:52 server postfix/smtpd[3607]: lost connection after CONNECT from tor-exit3.riverside.rocks[144.172.73.66]
Aug 12 07:04:52 server postfix/smtpd[3607]: disconnect from tor-exit3.riverside.rocks[144.172.73.66] commands=0/0
Aug 12 07:04:52 server postfix/smtpd[3607]: connect from tor-exit3.riverside.rocks[144.172.73.66]
Aug 12 07:05:26 server postfix/smtpd[3607]: SSL_accept error from tor-exit3.riverside.rocks[144.172.73.66]: -1
Aug 12 07:05:26 server postfix/smtpd[3607]: warning: TLS library problem: error:140760FC:SSL routines:SSL23_GET_CLIENT_HELLO:unknown protocol:s23_srvr.c:640:
Aug 12 07:05:26 server postfix/smtpd[3607]: lost connection after CONNECT from tor-exit3.riverside.rocks[144.172.73.66]
Aug 12 07:05:26 server postfix/smtpd[3607]: disconnect from tor-exit3.riverside.rocks[144.172.73.66] commands=0/0
Aug 12 07:05:26 server postfix/smtpd[3607]: connect from tor-exit-5.zbau.f3netze.de[185.220.100.244]
Aug 12 07:05:26 server postfix/smtpd[3607]: SSL_accept error from tor-exit-5.zbau.f3netze.de[185.220.100.244]: -1
Aug 12 07:05:26 server postfix/smtpd[3607]: warning: TLS library problem: error:140760FC:SSL routines:SSL23_GET_CLIENT_HELLO:unknown protocol:s23_srvr.c:640:
Aug 12 07:05:26 server postfix/smtpd[3607]: lost connection after CONNECT from tor-exit-5.zbau.f3netze.de[185.220.100.244]
Aug 12 07:05:26 server postfix/smtpd[3607]: disconnect from tor-exit-5.zbau.f3netze.de[185.220.100.244] commands=0/0
Aug 12 07:05:26 server postfix/smtpd[3607]: connect from tor-exit-5.zbau.f3netze.de[185.220.100.244]
Aug 12 07:05:59 server postfix/smtpd[3607]: SSL_accept error from tor-exit-5.zbau.f3netze.de[185.220.100.244]: lost connection
Aug 12 07:05:59 server postfix/smtpd[3607]: lost connection after CONNECT from tor-exit-5.zbau.f3netze.de[185.220.100.244]
Aug 12 07:05:59 server postfix/smtpd[3607]: disconnect from tor-exit-5.zbau.f3netze.de[185.220.100.244] commands=0/0
Aug 12 07:05:59 server postfix/smtpd[3607]: connect from tor-exit-16.zbau.f3netze.de[185.220.100.243]
Aug 12 07:06:10 server plesk-sendmail[4731]: S4731: from=<sales@megasexshop.gr> to=<=?utf-8?Q?=CE=9D=CE=99=CE=9A=CE=9F=CE=A3=20=CE=96=CE=91=CE=A7=CE=9F=CE=A0=CE=9F=CE=A5=CE=9B=CE=9F=CE=A3?= <subnik99@yahoo.gr>>
Aug 12 07:06:10 server plesk-sendmail[4732]: S4731: add-from: stderr: SKIP
Aug 12 07:06:10 server plesk-sendmail[4732]: S4731: check-quota: stderr: SKIP
Aug 12 07:06:10 server plesk-sendmail[4736]: S4731: dk_sign: stderr: PASS
Aug 12 07:06:10 server postfix/pickup[29881]: 858711AE7D1F: uid=10000 from=<sales@megasexshop.gr>
Aug 12 07:06:10 server postfix/cleanup[4741]: 858711AE7D1F: message-id=<20220812040610.858711AE7D1F@server.hippiemonkeys.com>
Aug 12 07:06:10 server postfix/qmgr[24139]: 858711AE7D1F: from=<sales@megasexshop.gr>, size=39371, nrcpt=1 (queue active)
Aug 12 07:06:12 server postfix/smtpd[4754]: connect from localhost.localdomain[127.0.0.1]
Aug 12 07:06:12 server postfix/smtpd[4754]: 56F241AE7D22: client=localhost.localdomain[127.0.0.1], orig_client=unknown[127.0.0.1]
Aug 12 07:06:12 server psa-pc-remote[14732]: 56F241AE7D22: from=<sales@megasexshop.gr> to=<subnik99@yahoo.gr>
Aug 12 07:06:12 server postfix/cleanup[4741]: 56F241AE7D22: message-id=<20220812040610.858711AE7D1F@server.hippiemonkeys.com>
Aug 12 07:06:12 server psa-pc-remote[14732]: 56F241AE7D22: spf: stderr: PASS
Aug 12 07:06:12 server psa-pc-remote[14732]: 56F241AE7D22: check-quota: stderr: SKIP
Aug 12 07:06:12 server psa-pc-remote[14732]: 56F241AE7D22: dk_sign: stderr: PASS
Aug 12 07:06:12 server postfix/qmgr[24139]: 56F241AE7D22: from=<sales@megasexshop.gr>, size=40381, nrcpt=1 (queue active)
Aug 12 07:06:12 server postfix/smtpd[4754]: disconnect from localhost.localdomain[127.0.0.1] ehlo=1 xforward=1 mail=1 rcpt=1 data=1 quit=1 commands=6
Aug 12 07:06:12 server amavis[24172]: (24172-16) Passed CLEAN {RelayedInbound}, [127.0.0.1] <sales@megasexshop.gr> -> <subnik99@yahoo.gr>, Message-ID: <20220812040610.858711AE7D1F@server.hippiemonkeys.com>, mail_id: JZeFh9LgH9Jg, Hits: -1.698, size: 39369, queued_as: 56F241AE7D22, dkim_sd=default:megasexshop.gr, 1882 ms
Aug 12 07:06:12 server postfix/smtp[4746]: 858711AE7D1F: to=<subnik99@yahoo.gr>, relay=127.0.0.1[127.0.0.1]:10024, delay=2, delays=0.05/0.01/0/1.9, dsn=2.0.0, status=sent (250 2.0.0 from MTA(smtp:[127.0.0.1]:10025): 250 2.0.0 Ok: queued as 56F241AE7D22)
Aug 12 07:06:12 server postfix/qmgr[24139]: 858711AE7D1F: removed
Aug 12 07:06:13 server postfix/smtp[4760]: 56F241AE7D22: to=<subnik99@yahoo.gr>, relay=mx-eu.mail.am0.yahoodns.net[188.125.72.73]:25, delay=0.83, delays=0.11/0.01/0.34/0.37, dsn=2.0.0, status=sent (250 ok dirdel)
Aug 12 07:06:13 server postfix/qmgr[24139]: 56F241AE7D22: removed
Aug 12 07:06:37 server postfix/smtpd[4910]: warning: dict_nis_init: NIS domain name not set - NIS lookups disabled
Aug 12 07:06:37 server postfix/smtpd[4910]: connect from monitoring.internet-measurement.com[159.223.0.246]
Aug 12 07:06:37 server postfix/smtpd[3607]: lost connection after CONNECT from tor-exit-16.zbau.f3netze.de[185.220.100.243]
Aug 12 07:06:37 server postfix/smtpd[3607]: disconnect from tor-exit-16.zbau.f3netze.de[185.220.100.243] commands=0/0
Aug 12 07:07:10 server postfix/smtpd[4910]: SSL_accept error from monitoring.internet-measurement.com[159.223.0.246]: -1
Aug 12 07:07:10 server postfix/smtpd[4910]: warning: TLS library problem: error:1407609C:SSL routines:SSL23_GET_CLIENT_HELLO:http request:s23_srvr.c:394:
Aug 12 07:07:10 server postfix/smtpd[4910]: lost connection after CONNECT from monitoring.internet-measurement.com[159.223.0.246]
Aug 12 07:07:10 server postfix/smtpd[4910]: disconnect from monitoring.internet-measurement.com[159.223.0.246] commands=0/0
Aug 12 07:07:10 server postfix/smtpd[3607]: connect from monitoring.internet-measurement.com[159.223.0.246]
Aug 12 07:07:35 server postfix/smtpd[4910]: connect from l37-193-151-48.novotelecom.ru[37.193.151.48]
Aug 12 07:07:40 server plesk_saslauthd[5240]: listen=6, status=5, dbpath='/var/spool/postfix/plesk/passwd.db', keypath='/var/spool/postfix/plesk/passwd_db_key', chroot=0, unprivileged=1
Aug 12 07:07:40 server plesk_saslauthd[5240]: privileges set to (89:89) (effective 89:89)
Aug 12 07:07:40 server plesk_saslauthd[5240]: failed mail authentication attempt for user 'admin@xeirotexnes.gr' (password len=16)
Aug 12 07:07:40 server postfix/smtpd[4910]: warning: l37-193-151-48.novotelecom.ru[37.193.151.48]: SASL LOGIN authentication failed: authentication failure
Aug 12 07:07:41 server postfix/smtpd[4910]: lost connection after AUTH from l37-193-151-48.novotelecom.ru[37.193.151.48]
Aug 12 07:07:41 server postfix/smtpd[4910]: disconnect from l37-193-151-48.novotelecom.ru[37.193.151.48] ehlo=1 auth=0/1 commands=1/2
Aug 12 07:07:43 server postfix/smtpd[3607]: SSL_accept error from monitoring.internet-measurement.com[159.223.0.246]: -1
Aug 12 07:07:43 server postfix/smtpd[3607]: warning: TLS library problem: error:140760FC:SSL routines:SSL23_GET_CLIENT_HELLO:unknown protocol:s23_srvr.c:640:
Aug 12 07:07:43 server postfix/smtpd[3607]: lost connection after CONNECT from monitoring.internet-measurement.com[159.223.0.246]
Aug 12 07:07:43 server postfix/smtpd[3607]: disconnect from monitoring.internet-measurement.com[159.223.0.246] commands=0/0
Aug 12 07:07:43 server postfix/smtpd[4910]: connect from monitoring.internet-measurement.com[159.223.0.246]
Aug 12 07:07:43 server postfix/smtpd[4910]: SSL_accept error from monitoring.internet-measurement.com[159.223.0.246]: -1
Aug 12 07:07:43 server postfix/smtpd[4910]: warning: TLS library problem: error:140760FC:SSL routines:SSL23_GET_CLIENT_HELLO:unknown protocol:s23_srvr.c:640:
Aug 12 07:07:43 server postfix/smtpd[4910]: lost connection after CONNECT from monitoring.internet-measurement.com[159.223.0.246]
Aug 12 07:07:43 server postfix/smtpd[4910]: disconnect from monitoring.internet-measurement.com[159.223.0.246] commands=0/0
Aug 12 07:07:43 server postfix/smtpd[3607]: connect from monitoring.internet-measurement.com[159.223.0.246]
Aug 12 07:07:43 server postfix/smtpd[4910]: connect from unknown[118.70.117.248]
Aug 12 07:07:47 server postfix/smtpd[3607]: SSL_accept error from monitoring.internet-measurement.com[159.223.0.246]: lost connection
Aug 12 07:07:47 server postfix/smtpd[3607]: lost connection after CONNECT from monitoring.internet-measurement.com[159.223.0.246]
Aug 12 07:07:47 server postfix/smtpd[3607]: disconnect from monitoring.internet-measurement.com[159.223.0.246] commands=0/0
Aug 12 07:07:50 server plesk_saslauthd[5240]: failed mail authentication attempt for user 'admin' (password len=16)
Aug 12 07:07:50 server postfix/smtpd[4910]: warning: unknown[118.70.117.248]: SASL LOGIN authentication failed: authentication failure
Aug 12 07:07:51 server postfix/smtpd[4910]: lost connection after AUTH from unknown[118.70.117.248]
Aug 12 07:07:51 server postfix/smtpd[4910]: disconnect from unknown[118.70.117.248] ehlo=1 auth=0/1 commands=1/2
Aug 12 07:07:58 server postfix/smtpd[3607]: warning: hostname tor-exit-read-me.dfri.se does not resolve to address 171.25.193.20: Name or service not known
Aug 12 07:07:58 server postfix/smtpd[3607]: connect from unknown[171.25.193.20]
Aug 12 07:08:02 server postfix/smtpd[5351]: warning: dict_nis_init: NIS domain name not set - NIS lookups disabled
Aug 12 07:08:02 server postfix/smtpd[5351]: connect from 189.215.217.168.cable.dyn.cableonline.com.mx[189.215.217.168]
Aug 12 07:08:06 server plesk_saslauthd[5240]: failed mail authentication attempt for user 'abuse@hippiemonkeys.com' (password len=18)
Aug 12 07:08:06 server postfix/smtpd[5351]: warning: 189.215.217.168.cable.dyn.cableonline.com.mx[189.215.217.168]: SASL LOGIN authentication failed: authentication failure
Aug 12 07:08:07 server postfix/smtpd[5351]: lost connection after AUTH from 189.215.217.168.cable.dyn.cableonline.com.mx[189.215.217.168]
Aug 12 07:08:07 server postfix/smtpd[5351]: disconnect from 189.215.217.168.cable.dyn.cableonline.com.mx[189.215.217.168] ehlo=1 auth=0/1 commands=1/2
Aug 12 07:08:08 server postfix/smtpd[5351]: warning: hostname dynamic-ip-adsl.viettel.vn does not resolve to address 27.72.47.206
Aug 12 07:08:08 server postfix/smtpd[5351]: connect from unknown[27.72.47.206]
Aug 12 07:08:13 server plesk_saslauthd[5240]: failed mail authentication attempt for user 'abuse' (password len=18)
Aug 12 07:08:13 server postfix/smtpd[5351]: warning: unknown[27.72.47.206]: SASL LOGIN authentication failed: authentication failure
Aug 12 07:08:13 server postfix/smtpd[5351]: lost connection after AUTH from unknown[27.72.47.206]
Aug 12 07:08:13 server postfix/smtpd[5351]: disconnect from unknown[27.72.47.206] ehlo=1 auth=0/1 commands=1/2
Aug 12 07:08:27 server postfix/anvil[30636]: statistics: max connection rate 1/60s for (smtp:190.185.229.191) at Aug 12 07:01:31
Aug 12 07:08:27 server postfix/anvil[30636]: statistics: max connection count 1 for (smtp:190.185.229.191) at Aug 12 07:01:31
Aug 12 07:08:27 server postfix/anvil[30636]: statistics: max cache size 5 at Aug 12 07:08:08
Aug 12 07:08:31 server postfix/smtpd[3607]: SSL_accept error from unknown[171.25.193.20]: -1
Aug 12 07:08:31 server postfix/smtpd[3607]: warning: TLS library problem: error:140760FC:SSL routines:SSL23_GET_CLIENT_HELLO:unknown protocol:s23_srvr.c:640:
Aug 12 07:08:31 server postfix/smtpd[3607]: lost connection after CONNECT from unknown[171.25.193.20]
Aug 12 07:08:31 server postfix/smtpd[3607]: disconnect from unknown[171.25.193.20] commands=0/0
Aug 12 07:08:39 server postfix/smtpd[5571]: warning: dict_nis_init: NIS domain name not set - NIS lookups disabled
Aug 12 07:08:39 server postfix/smtpd[5571]: warning: hostname srv-141-98-11-74.serveroffer.net does not resolve to address 141.98.11.74: Name or service not known
Aug 12 07:08:39 server postfix/smtpd[5571]: connect from unknown[141.98.11.74]
Aug 12 07:08:42 server postfix/smtpd[4910]: connect from tor-exit-9.zbau.f3netze.de[185.220.100.248]
Aug 12 07:08:43 server plesk_saslauthd[5240]: select timeout, exiting
Aug 12 07:09:07 server postfix/smtpd[3607]: connect from r2-d2.tor-exit.holonet.sh[185.247.226.98]
Aug 12 07:09:11 server postfix/smtpd[5351]: warning: hostname dns1.legionhoster.com does not resolve to address 185.222.58.235
Aug 12 07:09:11 server postfix/smtpd[5351]: connect from unknown[185.222.58.235]
Aug 12 07:09:11 server postfix/smtpd[5351]: NOQUEUE: reject: RCPT from unknown[185.222.58.235]: 554 5.7.1 Service unavailable; Client host [185.222.58.235] blocked using sbl.spamhaus.org; https://www.spamhaus.org/sbl/query/SBLCSS; from=<support@hippiemonkeys.com> to=<career@hippiemonkeys.com> proto=ESMTP helo=<hippiemonkeys.com>
Aug 12 07:09:11 server psa-pc-remote[14732]: Message aborted.
Aug 12 07:09:11 server postfix/smtpd[5351]: disconnect from unknown[185.222.58.235] ehlo=1 mail=1 rcpt=0/1 quit=1 commands=3/4
Aug 12 07:09:11 server psa-pc-remote[14732]: Message aborted.
Aug 12 07:09:15 server postfix/smtpd[4910]: SSL_accept error from tor-exit-9.zbau.f3netze.de[185.220.100.248]: -1
Aug 12 07:09:15 server postfix/smtpd[4910]: warning: TLS library problem: error:1407609C:SSL routines:SSL23_GET_CLIENT_HELLO:http request:s23_srvr.c:394:
Aug 12 07:09:15 server postfix/smtpd[4910]: lost connection after CONNECT from tor-exit-9.zbau.f3netze.de[185.220.100.248]
Aug 12 07:09:15 server postfix/smtpd[4910]: disconnect from tor-exit-9.zbau.f3netze.de[185.220.100.248] commands=0/0
Aug 12 07:09:35 server postfix/smtpd[4910]: connect from tor-exit-4.zbau.f3netze.de[185.220.100.255]
Aug 12 07:10:05 server postfix/smtpd[3607]: SSL_accept error from r2-d2.tor-exit.holonet.sh[185.247.226.98]: lost connection
Aug 12 07:10:05 server postfix/smtpd[3607]: lost connection after CONNECT from r2-d2.tor-exit.holonet.sh[185.247.226.98]
Aug 12 07:10:05 server postfix/smtpd[3607]: disconnect from r2-d2.tor-exit.holonet.sh[185.247.226.98] commands=0/0
Aug 12 07:10:08 server postfix/smtpd[5571]: lost connection after STARTTLS from unknown[141.98.11.74]
Aug 12 07:10:08 server postfix/smtpd[5571]: disconnect from unknown[141.98.11.74] ehlo=1 starttls=1 commands=2
Aug 12 07:10:09 server postfix/smtpd[4910]: SSL_accept error from tor-exit-4.zbau.f3netze.de[185.220.100.255]: -1
Aug 12 07:10:09 server postfix/smtpd[4910]: warning: TLS library problem: error:140760FC:SSL routines:SSL23_GET_CLIENT_HELLO:unknown protocol:s23_srvr.c:640:
Aug 12 07:10:09 server postfix/smtpd[4910]: lost connection after CONNECT from tor-exit-4.zbau.f3netze.de[185.220.100.255]
Aug 12 07:10:09 server postfix/smtpd[4910]: disconnect from tor-exit-4.zbau.f3netze.de[185.220.100.255] commands=0/0
Aug 12 07:10:35 server postfix/smtpd[3607]: connect from unknown[23.129.64.146]
Aug 12 07:10:40 server postfix/smtpd[4910]: connect from unknown[23.129.64.141]
Aug 12 07:10:54 server postfix/smtpd[6313]: warning: dict_nis_init: NIS domain name not set - NIS lookups disabled
Aug 12 07:10:54 server postfix/smtpd[6313]: connect from unknown[217.218.51.58]
Aug 12 07:10:58 server plesk_saslauthd[6329]: listen=6, status=5, dbpath='/var/spool/postfix/plesk/passwd.db', keypath='/var/spool/postfix/plesk/passwd_db_key', chroot=0, unprivileged=1
Aug 12 07:10:58 server plesk_saslauthd[6329]: privileges set to (89:89) (effective 89:89)
Aug 12 07:10:58 server plesk_saslauthd[6329]: No such user 'postmaster@megasexshop.gr' in mail authorization database
Aug 12 07:10:58 server plesk_saslauthd[6329]: failed mail authentication attempt for user 'postmaster@megasexshop.gr' (password len=16)
Aug 12 07:10:58 server postfix/smtpd[6313]: warning: unknown[217.218.51.58]: SASL LOGIN authentication failed: authentication failure
Aug 12 07:10:59 server postfix/smtpd[6313]: lost connection after AUTH from unknown[217.218.51.58]
Aug 12 07:10:59 server postfix/smtpd[6313]: disconnect from unknown[217.218.51.58] ehlo=1 auth=0/1 commands=1/2
Aug 12 07:11:00 server postfix/smtpd[6313]: connect from unknown[103.77.103.11]
Aug 12 07:11:05 server plesk_saslauthd[6329]: failed mail authentication attempt for user 'postmaster' (password len=16)
Aug 12 07:11:05 server postfix/smtpd[6313]: warning: unknown[103.77.103.11]: SASL LOGIN authentication failed: authentication failure
Aug 12 07:11:05 server postfix/smtpd[6313]: lost connection after AUTH from unknown[103.77.103.11]
Aug 12 07:11:05 server postfix/smtpd[6313]: disconnect from unknown[103.77.103.11] ehlo=1 auth=0/1 commands=1/2
Aug 12 07:11:18 server postfix/smtpd[3607]: SSL_accept error from unknown[23.129.64.146]: lost connection
Aug 12 07:11:18 server postfix/smtpd[3607]: lost connection after CONNECT from unknown[23.129.64.146]
Aug 12 07:11:18 server postfix/smtpd[3607]: disconnect from unknown[23.129.64.146] commands=0/0
Aug 12 07:11:24 server postfix/smtpd[4910]: SSL_accept error from unknown[23.129.64.141]: lost connection
Aug 12 07:11:24 server postfix/smtpd[4910]: lost connection after CONNECT from unknown[23.129.64.141]
Aug 12 07:11:24 server postfix/smtpd[4910]: disconnect from unknown[23.129.64.141] commands=0/0
Aug 12 07:11:35 server plesk_saslauthd[6329]: select timeout, exiting
Aug 12 07:11:41 server postfix/smtpd[3607]: connect from unknown[185.100.87.202]
Aug 12 07:12:14 server postfix/smtpd[3607]: SSL_accept error from unknown[185.100.87.202]: -1
Aug 12 07:12:14 server postfix/smtpd[3607]: warning: TLS library problem: error:140760FC:SSL routines:SSL23_GET_CLIENT_HELLO:unknown protocol:s23_srvr.c:640:
Aug 12 07:12:14 server postfix/smtpd[3607]: lost connection after CONNECT from unknown[185.100.87.202]
Aug 12 07:12:14 server postfix/smtpd[3607]: disconnect from unknown[185.100.87.202] commands=0/0
Aug 12 07:12:14 server postfix/smtpd[4910]: connect from r3-s6.tor-exit.holonet.sh[185.146.232.168]
Aug 12 07:12:14 server postfix/smtpd[4910]: SSL_accept error from r3-s6.tor-exit.holonet.sh[185.146.232.168]: -1
Aug 12 07:12:14 server postfix/smtpd[4910]: warning: TLS library problem: error:140760FC:SSL routines:SSL23_GET_CLIENT_HELLO:unknown protocol:s23_srvr.c:640:
Aug 12 07:12:14 server postfix/smtpd[4910]: lost connection after CONNECT from r3-s6.tor-exit.holonet.sh[185.146.232.168]
Aug 12 07:12:14 server postfix/smtpd[4910]: disconnect from r3-s6.tor-exit.holonet.sh[185.146.232.168] commands=0/0
Aug 12 07:12:14 server postfix/smtpd[3607]: connect from r3-s6.tor-exit.holonet.sh[185.146.232.168]
Aug 12 07:12:19 server postfix/smtpd[6802]: warning: dict_nis_init: NIS domain name not set - NIS lookups disabled
Aug 12 07:12:19 server postfix/smtpd[6802]: warning: hostname yell.woinsta.com does not resolve to address 141.98.11.19
Aug 12 07:12:19 server postfix/smtpd[6802]: connect from unknown[141.98.11.19]
Aug 12 07:12:22 server plesk_saslauthd[6814]: listen=6, status=5, dbpath='/var/spool/postfix/plesk/passwd.db', keypath='/var/spool/postfix/plesk/passwd_db_key', chroot=0, unprivileged=1
Aug 12 07:12:22 server plesk_saslauthd[6814]: privileges set to (89:89) (effective 89:89)
Aug 12 07:12:22 server plesk_saslauthd[6814]: failed mail authentication attempt for user 'reception' (password len=4)
Aug 12 07:12:22 server postfix/smtpd[6802]: warning: unknown[141.98.11.19]: SASL LOGIN authentication failed: authentication failure
Aug 12 07:12:22 server postfix/smtpd[6802]: disconnect from unknown[141.98.11.19] ehlo=2 starttls=1 auth=0/1 quit=1 commands=4/5
Aug 12 07:12:28 server postfix/smtpd[6802]: connect from unknown[141.98.10.24]
Aug 12 07:12:31 server plesk_saslauthd[6814]: failed mail authentication attempt for user 'archive' (password len=4)
Aug 12 07:12:31 server postfix/smtpd[6802]: warning: unknown[141.98.10.24]: SASL LOGIN authentication failed: authentication failure
Aug 12 07:12:31 server postfix/smtpd[6802]: disconnect from unknown[141.98.10.24] ehlo=2 starttls=1 auth=0/1 quit=1 commands=4/5
Aug 12 07:12:48 server postfix/smtpd[3607]: SSL_accept error from r3-s6.tor-exit.holonet.sh[185.146.232.168]: lost connection
Aug 12 07:12:48 server postfix/smtpd[3607]: lost connection after CONNECT from r3-s6.tor-exit.holonet.sh[185.146.232.168]
Aug 12 07:12:48 server postfix/smtpd[3607]: disconnect from r3-s6.tor-exit.holonet.sh[185.146.232.168] commands=0/0
Aug 12 07:12:48 server postfix/smtpd[4910]: connect from tor-exit-4.zbau.f3netze.de[185.220.100.255]
Aug 12 07:13:01 server plesk_saslauthd[6814]: select timeout, exiting
Aug 12 07:13:28 server postfix/smtpd[3607]: connect from monitoring.internet-measurement.com[188.166.53.55]
Aug 12 07:13:29 server postfix/smtpd[4910]: lost connection after CONNECT from tor-exit-4.zbau.f3netze.de[185.220.100.255]
Aug 12 07:13:29 server postfix/smtpd[4910]: disconnect from tor-exit-4.zbau.f3netze.de[185.220.100.255] commands=0/0
Aug 12 07:13:33 server postfix/smtpd[6802]: connect from unknown[45.125.66.24]
Aug 12 07:13:35 server plesk_saslauthd[7305]: listen=6, status=5, dbpath='/var/spool/postfix/plesk/passwd.db', keypath='/var/spool/postfix/plesk/passwd_db_key', chroot=0, unprivileged=1
Aug 12 07:13:35 server plesk_saslauthd[7305]: privileges set to (89:89) (effective 89:89)
Aug 12 07:13:35 server plesk_saslauthd[7305]: failed mail authentication attempt for user 'almacen' (password len=4)
Aug 12 07:13:35 server postfix/smtpd[6802]: warning: unknown[45.125.66.24]: SASL LOGIN authentication failed: authentication failure
Aug 12 07:13:35 server postfix/smtpd[6802]: disconnect from unknown[45.125.66.24] ehlo=2 starttls=1 auth=0/1 quit=1 commands=4/5
Aug 12 07:13:42 server postfix/qmgr[24139]: D75761A7CB42: from=<sales@megasexshop.com>, size=23587, nrcpt=1 (queue active)
Aug 12 07:14:01 server postfix/smtpd[3607]: SSL_accept error from monitoring.internet-measurement.com[188.166.53.55]: -1
Aug 12 07:14:01 server postfix/smtpd[3607]: warning: TLS library problem: error:140760FC:SSL routines:SSL23_GET_CLIENT_HELLO:unknown protocol:s23_srvr.c:640:
Aug 12 07:14:01 server postfix/smtpd[3607]: lost connection after CONNECT from monitoring.internet-measurement.com[188.166.53.55]
Aug 12 07:14:01 server postfix/smtpd[3607]: disconnect from monitoring.internet-measurement.com[188.166.53.55] commands=0/0
Aug 12 07:14:01 server postfix/smtpd[4910]: connect from monitoring.internet-measurement.com[188.166.53.55]
Aug 12 07:14:05 server plesk_saslauthd[7305]: select timeout, exiting
Aug 12 07:14:12 server postfix/smtp[7375]: connect to gmial.com[54.159.98.68]:25: Connection timed out
Aug 12 07:14:12 server postfix/smtp[7375]: D75761A7CB42: to=<stewartlukas@gmial.com>, relay=none, delay=206329, delays=206299/0.01/30/0, dsn=4.4.1, status=deferred (connect to gmial.com[54.159.98.68]:25: Connection timed out)
Aug 12 07:14:12 server postfix/smtpd[6802]: warning: hostname buzz.medyamol.com does not resolve to address 141.98.11.119: Name or service not known
Aug 12 07:14:12 server postfix/smtpd[6802]: connect from unknown[141.98.11.119]
Aug 12 07:14:15 server plesk_saslauthd[7574]: listen=6, status=5, dbpath='/var/spool/postfix/plesk/passwd.db', keypath='/var/spool/postfix/plesk/passwd_db_key', chroot=0, unprivileged=1
Aug 12 07:14:15 server plesk_saslauthd[7574]: privileges set to (89:89) (effective 89:89)
Aug 12 07:14:15 server plesk_saslauthd[7574]: failed mail authentication attempt for user 'hector' (password len=4)
Aug 12 07:14:15 server postfix/smtpd[6802]: warning: unknown[141.98.11.119]: SASL LOGIN authentication failed: authentication failure
Aug 12 07:14:15 server postfix/smtpd[6802]: disconnect from unknown[141.98.11.119] ehlo=2 starttls=1 auth=0/1 quit=1 commands=4/5
Aug 12 07:14:34 server postfix/smtpd[4910]: SSL_accept error from monitoring.internet-measurement.com[188.166.53.55]: -1
Aug 12 07:14:34 server postfix/smtpd[4910]: warning: TLS library problem: error:1407609C:SSL routines:SSL23_GET_CLIENT_HELLO:http request:s23_srvr.c:394:
Aug 12 07:14:34 server postfix/smtpd[4910]: lost connection after CONNECT from monitoring.internet-measurement.com[188.166.53.55]
Aug 12 07:14:34 server postfix/smtpd[4910]: disconnect from monitoring.internet-measurement.com[188.166.53.55] commands=0/0
Aug 12 07:14:34 server postfix/smtpd[3607]: connect from monitoring.internet-measurement.com[188.166.53.55]
Aug 12 07:14:41 server postfix/smtpd[6802]: warning: hostname annoying.medyamol.com does not resolve to address 141.98.11.113: Name or service not known
Aug 12 07:14:41 server postfix/smtpd[6802]: connect from unknown[141.98.11.113]
Aug 12 07:14:45 server plesk_saslauthd[7574]: failed mail authentication attempt for user 'angeles' (password len=4)
Aug 12 07:14:45 server postfix/smtpd[6802]: warning: unknown[141.98.11.113]: SASL LOGIN authentication failed: authentication failure
Aug 12 07:14:45 server postfix/smtpd[6802]: disconnect from unknown[141.98.11.113] ehlo=2 starttls=1 auth=0/1 quit=1 commands=4/5
Aug 12 07:15:07 server postfix/smtpd[3607]: SSL_accept error from monitoring.internet-measurement.com[188.166.53.55]: -1
Aug 12 07:15:07 server postfix/smtpd[3607]: warning: TLS library problem: error:140760FC:SSL routines:SSL23_GET_CLIENT_HELLO:unknown protocol:s23_srvr.c:640:
Aug 12 07:15:07 server postfix/smtpd[3607]: lost connection after CONNECT from monitoring.internet-measurement.com[188.166.53.55]
Aug 12 07:15:07 server postfix/smtpd[3607]: disconnect from monitoring.internet-measurement.com[188.166.53.55] commands=0/0
Aug 12 07:15:07 server postfix/smtpd[4910]: connect from monitoring.internet-measurement.com[188.166.53.55]
Aug 12 07:15:15 server plesk_saslauthd[7574]: select timeout, exiting
Aug 12 07:15:40 server postfix/smtpd[4910]: SSL_accept error from monitoring.internet-measurement.com[188.166.53.55]: -1
Aug 12 07:15:41 server postfix/smtpd[4910]: warning: TLS library problem: error:140760FC:SSL routines:SSL23_GET_CLIENT_HELLO:unknown protocol:s23_srvr.c:640:
Aug 12 07:15:41 server postfix/smtpd[4910]: lost connection after CONNECT from monitoring.internet-measurement.com[188.166.53.55]
Aug 12 07:15:41 server postfix/smtpd[4910]: disconnect from monitoring.internet-measurement.com[188.166.53.55] commands=0/0
Aug 12 07:15:41 server postfix/smtpd[3607]: connect from monitoring.internet-measurement.com[188.166.53.55]
Aug 12 07:15:41 server postfix/smtpd[3607]: SSL_accept error from monitoring.internet-measurement.com[188.166.53.55]: -1
Aug 12 07:15:41 server postfix/smtpd[3607]: warning: TLS library problem: error:140760FC:SSL routines:SSL23_GET_CLIENT_HELLO:unknown protocol:s23_srvr.c:640:
Aug 12 07:15:41 server postfix/smtpd[3607]: lost connection after CONNECT from monitoring.internet-measurement.com[188.166.53.55]
Aug 12 07:15:41 server postfix/smtpd[3607]: disconnect from monitoring.internet-measurement.com[188.166.53.55] commands=0/0
Aug 12 07:15:41 server postfix/smtpd[4910]: connect from monitoring.internet-measurement.com[188.166.53.55]
Aug 12 07:16:14 server postfix/smtpd[4910]: SSL_accept error from monitoring.internet-measurement.com[188.166.53.55]: lost connection
Aug 12 07:16:14 server postfix/smtpd[4910]: lost connection after CONNECT from monitoring.internet-measurement.com[188.166.53.55]
Aug 12 07:16:14 server postfix/smtpd[4910]: disconnect from monitoring.internet-measurement.com[188.166.53.55] commands=0/0
Aug 12 07:16:14 server postfix/smtpd[3607]: connect from monitoring.internet-measurement.com[188.166.53.55]
Aug 12 07:16:53 server postfix/smtpd[3607]: warning: TLS library problem: error:1408F10B:SSL routines:SSL3_GET_RECORD:wrong version number:s3_pkt.c:365:
Aug 12 07:16:53 server postfix/smtpd[3607]: lost connection after STARTTLS from monitoring.internet-measurement.com[188.166.53.55]
Aug 12 07:16:53 server postfix/smtpd[3607]: disconnect from monitoring.internet-measurement.com[188.166.53.55] ehlo=1 starttls=0/1 commands=1/2
Aug 12 07:16:58 server dovecot: imap-login: Login: user=<info@megasexshop.gr>, method=CRAM-MD5, rip=178.147.123.127, lip=116.202.194.62, mpid=8525, TLS, session=<PsibjQPm9sOyk3t/>
Aug 12 07:16:58 server dovecot: imap-login: Login: user=<sales@megasexshop.gr>, method=CRAM-MD5, rip=178.147.123.127, lip=116.202.194.62, mpid=8531, TLS, session=<sqafjQPm9cOyk3t/>
Aug 12 07:17:01 server dovecot: service=imap, user=info@megasexshop.gr, ip=[178.147.123.127]. Disconnected: Connection closed (IDLE running for 0.001 + waiting input for 530.762 secs, 2 B in + 10 B out, state=wait-input) rcvd=7668, sent=7991
Aug 12 07:17:01 server dovecot: service=imap, user=sales@megasexshop.gr, ip=[178.147.123.127]. Disconnected: Connection closed (IDLE running for 0.001 + waiting input for 530.761 secs, 2 B in + 10 B out, state=wait-input) rcvd=4595, sent=3611
Aug 12 07:17:01 server dovecot: service=imap, user=info@megasexshop.gr, ip=[178.147.123.127]. Disconnected: Connection closed (IDLE running for 0.001 + waiting input for 528.514 secs, 2 B in + 10 B out, state=wait-input) rcvd=4630, sent=21596
Aug 12 07:17:06 server postfix/smtpd[8621]: warning: dict_nis_init: NIS domain name not set - NIS lookups disabled
Aug 12 07:17:06 server postfix/smtpd[8621]: connect from unknown[141.98.10.81]
Aug 12 07:17:08 server plesk_saslauthd[8646]: listen=6, status=5, dbpath='/var/spool/postfix/plesk/passwd.db', keypath='/var/spool/postfix/plesk/passwd_db_key', chroot=0, unprivileged=1
Aug 12 07:17:08 server plesk_saslauthd[8646]: privileges set to (89:89) (effective 89:89)
Aug 12 07:17:08 server plesk_saslauthd[8646]: failed mail authentication attempt for user 'compras' (password len=4)
Aug 12 07:17:08 server postfix/smtpd[8621]: warning: unknown[141.98.10.81]: SASL LOGIN authentication failed: authentication failure
Aug 12 07:17:08 server postfix/smtpd[8621]: disconnect from unknown[141.98.10.81] ehlo=2 starttls=1 auth=0/1 quit=1 commands=4/5
Aug 12 07:17:19 server postfix/smtpd[8621]: warning: hostname command-combo.halffail.com does not resolve to address 141.98.11.75
Aug 12 07:17:19 server postfix/smtpd[8621]: connect from unknown[141.98.11.75]
Aug 12 07:17:22 server plesk_saslauthd[8646]: failed mail authentication attempt for user 'citrix' (password len=4)
Aug 12 07:17:22 server postfix/smtpd[8621]: warning: unknown[141.98.11.75]: SASL LOGIN authentication failed: authentication failure
Aug 12 07:17:22 server postfix/smtpd[8621]: disconnect from unknown[141.98.11.75] ehlo=2 starttls=1 auth=0/1 quit=1 commands=4/5
Aug 12 07:17:39 server dovecot: service=imap, user=sales@megasexshop.gr, ip=[178.147.123.127]. Disconnected: Connection closed (IDLE running for 0.001 + waiting input for 566.849 secs, 2 B in + 10 B out, state=wait-input) rcvd=6909, sent=13704
Aug 12 07:17:52 server plesk_saslauthd[8646]: select timeout, exiting
Aug 12 07:18:08 server dovecot: imap-login: Login: user=<info@megasexshop.gr>, method=CRAM-MD5, rip=178.147.123.127, lip=116.202.194.62, mpid=9010, TLS, session=<9ZvBkQPmgPyyk3t/>
Aug 12 07:18:08 server dovecot: imap-login: Login: user=<sales@megasexshop.gr>, method=CRAM-MD5, rip=178.147.123.127, lip=116.202.194.62, mpid=9011, TLS, session=<xqDDkQPmf/yyk3t/>
Aug 12 07:18:27 server postfix/anvil[30636]: statistics: max connection rate 1/60s for (submission:141.98.11.74) at Aug 12 07:08:39
Aug 12 07:18:27 server postfix/anvil[30636]: statistics: max connection count 1 for (submission:141.98.11.74) at Aug 12 07:08:39
Aug 12 07:18:27 server postfix/anvil[30636]: statistics: max cache size 6 at Aug 12 07:08:39
Aug 12 07:18:46 server plesk-sendmail[9216]: S9216: from=<psaadm@server.hippiemonkeys.com> to=<=?UTF-8?Q?Panos=20Karagiannis?= <thomas@hippiemonkeys.com>>
Aug 12 07:18:46 server plesk-sendmail[9217]: S9216: add-from: stderr: SKIP
Aug 12 07:18:46 server plesk-sendmail[9217]: S9216: check-quota: stderr: SKIP
Aug 12 07:18:46 server postfix/pickup[29881]: 1032B1AE822F: uid=997 from=<psaadm>
Aug 12 07:18:46 server postfix/cleanup[9225]: 1032B1AE822F: message-id=<20220812041846.1032B1AE822F@server.hippiemonkeys.com>
Aug 12 07:18:46 server postfix/qmgr[24139]: 1032B1AE822F: from=<psaadm@server.hippiemonkeys.com>, size=12503, nrcpt=1 (queue active)
Aug 12 07:18:46 server postfix/smtpd[9234]: connect from localhost.localdomain[127.0.0.1]
Aug 12 07:18:46 server postfix/smtpd[9234]: D49D61AE8230: client=localhost.localdomain[127.0.0.1], orig_client=unknown[127.0.0.1]
Aug 12 07:18:46 server psa-pc-remote[14732]: D49D61AE8230: from=<psaadm@server.hippiemonkeys.com> to=<thomas@hippiemonkeys.com>
Aug 12 07:18:46 server postfix/cleanup[9225]: D49D61AE8230: message-id=<20220812041846.1032B1AE822F@server.hippiemonkeys.com>
Aug 12 07:18:46 server psa-pc-remote[14732]: D49D61AE8230: spf: stderr: PASS
Aug 12 07:18:46 server psa-pc-remote[14732]: D49D61AE8230: check-quota: stderr: SKIP
Aug 12 07:18:46 server postfix/qmgr[24139]: D49D61AE8230: from=<psaadm@server.hippiemonkeys.com>, size=13299, nrcpt=1 (queue active)
Aug 12 07:18:46 server postfix/smtpd[9234]: disconnect from localhost.localdomain[127.0.0.1] ehlo=1 xforward=1 mail=1 rcpt=1 data=1 quit=1 commands=6
Aug 12 07:18:46 server amavis[15735]: (15735-12) Passed CLEAN {RelayedInbound}, [127.0.0.1] <psaadm@server.hippiemonkeys.com> -> <thomas@hippiemonkeys.com>, Message-ID: <20220812041846.1032B1AE822F@server.hippiemonkeys.com>, mail_id: 9qnR1fCjiQuh, Hits: -1.799, size: 12488, queued_as: D49D61AE8230, 839 ms
Aug 12 07:18:46 server postfix-local[9239]: D49D61AE8230: from=<psaadm@server.hippiemonkeys.com>, to=<thomas@hippiemonkeys.com>, dirname=/var/qmail/mailnames
Aug 12 07:18:46 server dk_check[9240]: D49D61AE8230: DKIM Feed: No signature
Aug 12 07:18:46 server postfix-local[9239]: D49D61AE8230: dk_check: stderr: PASS
Aug 12 07:18:46 server postfix/smtp[9230]: 1032B1AE822F: to=<thomas@hippiemonkeys.com>, relay=127.0.0.1[127.0.0.1]:10024, delay=0.95, delays=0.04/0/0/0.9, dsn=2.0.0, status=sent (250 2.0.0 from MTA(smtp:[127.0.0.1]:10025): 250 2.0.0 Ok: queued as D49D61AE8230)
Aug 12 07:18:46 server postfix/qmgr[24139]: 1032B1AE822F: removed
Aug 12 07:18:47 server postfix-local[9239]: D49D61AE8230: dmarc: stderr: PASS
Aug 12 07:18:47 server dovecot: service=lda, user=thomas@hippiemonkeys.com, ip=[]. sieve: msgid=<20220812041846.1032B1AE822F@server.hippiemonkeys.com>: stored mail into mailbox 'INBOX'
Aug 12 07:18:47 server postfix/pipe[9238]: D49D61AE8230: to=<thomas@hippiemonkeys.com>, relay=plesk_virtual, delay=0.25, delays=0.06/0.01/0/0.17, dsn=2.0.0, status=sent (delivered via plesk_virtual service)
Aug 12 07:18:47 server postfix/qmgr[24139]: D49D61AE8230: removed
Aug 12 07:19:32 server postfix/smtpd[9463]: warning: dict_nis_init: NIS domain name not set - NIS lookups disabled
Aug 12 07:19:32 server postfix/smtpd[9463]: warning: hostname doubtful.woinsta.com does not resolve to address 141.98.11.37
Aug 12 07:19:32 server postfix/smtpd[9463]: connect from unknown[141.98.11.37]
Aug 12 07:19:35 server plesk_saslauthd[9474]: listen=6, status=5, dbpath='/var/spool/postfix/plesk/passwd.db', keypath='/var/spool/postfix/plesk/passwd_db_key', chroot=0, unprivileged=1
Aug 12 07:19:35 server plesk_saslauthd[9474]: privileges set to (89:89) (effective 89:89)
Aug 12 07:19:35 server plesk_saslauthd[9474]: failed mail authentication attempt for user 'laptop' (password len=4)
Aug 12 07:19:35 server postfix/smtpd[9463]: warning: unknown[141.98.11.37]: SASL LOGIN authentication failed: authentication failure
Aug 12 07:19:35 server postfix/smtpd[9463]: disconnect from unknown[141.98.11.37] ehlo=2 starttls=1 auth=0/1 quit=1 commands=4/5
Aug 12 07:19:43 server postfix/smtpd[9463]: warning: hostname 110.getpocket.com does not resolve to address 91.224.92.110: Name or service not known
Aug 12 07:19:43 server postfix/smtpd[9463]: connect from unknown[91.224.92.110]
Aug 12 07:19:46 server plesk_saslauthd[9474]: failed mail authentication attempt for user '312312' (password len=4)
Aug 12 07:19:46 server postfix/smtpd[9463]: warning: unknown[91.224.92.110]: SASL LOGIN authentication failed: authentication failure
Aug 12 07:19:46 server postfix/smtpd[9463]: disconnect from unknown[91.224.92.110] ehlo=2 starttls=1 auth=0/1 quit=1 commands=4/5
Aug 12 07:19:48 server dovecot: pop3-login: Disconnected: Connection closed: read(size=834) failed: Connection reset by peer (no auth attempts in 0 secs): user=<>, rip=208.100.26.236, lip=116.202.194.62, TLS handshaking: read(size=834) failed: Connection reset by peer, session=<KVvAlwPmMNzQZBrs>
Aug 12 07:19:48 server dovecot: pop3-login: Disconnected: Connection closed: SSL_accept() failed: error:14076102:SSL routines:SSL23_GET_CLIENT_HELLO:unsupported protocol (no auth attempts in 0 secs): user=<>, rip=208.100.26.236, lip=116.202.194.62, TLS handshaking: SSL_accept() failed: error:14076102:SSL routines:SSL23_GET_CLIENT_HELLO:unsupported protocol, session=<EvPBlwPmfN7QZBrs>
Aug 12 07:19:48 server dovecot: pop3-login: Disconnected: Connection closed: SSL_accept() failed: error:1408A10B:SSL routines:ssl3_get_client_hello:wrong version number (no auth attempts in 0 secs): user=<>, rip=208.100.26.236, lip=116.202.194.62, TLS handshaking: SSL_accept() failed: error:1408A10B:SSL routines:ssl3_get_client_hello:wrong version number, session=<rwjClwPmgN7QZBrs>
Aug 12 07:19:49 server dovecot: pop3-login: Disconnected: Connection closed: read(size=834) failed: Connection reset by peer (no auth attempts in 1 secs): user=<>, rip=208.100.26.236, lip=116.202.194.62, TLS handshaking: read(size=834) failed: Connection reset by peer, session=<aKfDlwPmft7QZBrs>
Aug 12 07:19:49 server dovecot: pop3-login: Disconnected: Connection closed: read(size=856) failed: Connection reset by peer (no auth attempts in 0 secs): user=<>, rip=208.100.26.236, lip=116.202.194.62, TLS handshaking: read(size=856) failed: Connection reset by peer, session=<maLGlwPmPODQZBrs>
Aug 12 07:19:49 server dovecot: pop3-login: Disconnected: Connection closed: read(size=856) failed: Connection reset by peer (no auth attempts in 0 secs): user=<>, rip=208.100.26.236, lip=116.202.194.62, TLS handshaking: read(size=856) failed: Connection reset by peer, session=<sbjJlwPmmuLQZBrs>
Aug 12 07:19:49 server dovecot: pop3-login: Disconnected: Connection closed: read(size=834) failed: Connection reset by peer (no auth attempts in 0 secs): user=<>, rip=208.100.26.236, lip=116.202.194.62, TLS handshaking: read(size=834) failed: Connection reset by peer, session=<P9nMlwPmUOTQZBrs>
Aug 12 07:19:49 server dovecot: pop3-login: Disconnected: Connection closed: SSL_accept() failed: error:140A1175:SSL routines:ssl_bytes_to_cipher_list:inappropriate fallback (no auth attempts in 0 secs): user=<>, rip=208.100.26.236, lip=116.202.194.62, TLS handshaking: SSL_accept() failed: error:140A1175:SSL routines:ssl_bytes_to_cipher_list:inappropriate fallback, session=<kG/OlwPmIObQZBrs>
Aug 12 07:19:49 server dovecot: pop3-login: Disconnected: Connection closed: SSL_accept() failed: error:1408A0C1:SSL routines:ssl3_get_client_hello:no shared cipher (no auth attempts in 0 secs): user=<>, rip=208.100.26.236, lip=116.202.194.62, TLS handshaking: SSL_accept() failed: error:1408A0C1:SSL routines:ssl3_get_client_hello:no shared cipher, session=<kIXRlwPmDOjQZBrs>
Aug 12 07:19:50 server dovecot: pop3-login: Disconnected: Connection closed: read(size=708) failed: Connection reset by peer (no auth attempts in 1 secs): user=<>, rip=208.100.26.236, lip=116.202.194.62, TLS handshaking: read(size=708) failed: Connection reset by peer, session=<WSHTlwPmCujQZBrs>
Aug 12 07:19:50 server dovecot: pop3-login: Disconnected: Connection closed: read(size=706) failed: Connection reset by peer (no auth attempts in 1 secs): user=<>, rip=208.100.26.236, lip=116.202.194.62, TLS handshaking: read(size=706) failed: Connection reset by peer, session=<pjjTlwPmGOjQZBrs>
Aug 12 07:19:50 server dovecot: pop3-login: Disconnected: Connection closed: read(size=706) failed: Connection reset by peer (no auth attempts in 1 secs): user=<>, rip=208.100.26.236, lip=116.202.194.62, TLS handshaking: read(size=706) failed: Connection reset by peer, session=<o0rTlwPmDujQZBrs>
Aug 12 07:19:50 server dovecot: pop3-login: Disconnected: Connection closed: read(size=686) failed: Connection reset by peer (no auth attempts in 1 secs): user=<>, rip=208.100.26.236, lip=116.202.194.62, TLS handshaking: read(size=686) failed: Connection reset by peer, session=<wl7TlwPmEOjQZBrs>
Aug 12 07:19:50 server dovecot: pop3-login: Disconnected: Connection closed: read(size=686) failed: Connection reset by peer (no auth attempts in 1 secs): user=<>, rip=208.100.26.236, lip=116.202.194.62, TLS handshaking: read(size=686) failed: Connection reset by peer, session=<HnbTlwPmGujQZBrs>
Aug 12 07:19:50 server dovecot: pop3-login: Disconnected: Connection closed: read(size=708) failed: Connection reset by peer (no auth attempts in 1 secs): user=<>, rip=208.100.26.236, lip=116.202.194.62, TLS handshaking: read(size=708) failed: Connection reset by peer, session=<S4/TlwPmIOjQZBrs>
Aug 12 07:19:50 server dovecot: pop3-login: Disconnected: Connection closed: read(size=684) failed: Connection reset by peer (no auth attempts in 1 secs): user=<>, rip=208.100.26.236, lip=116.202.194.62, TLS handshaking: read(size=684) failed: Connection reset by peer, session=<k5/TlwPmHujQZBrs>
Aug 12 07:19:50 server dovecot: pop3-login: Disconnected: Connection closed: read(size=706) failed: Connection reset by peer (no auth attempts in 1 secs): user=<>, rip=208.100.26.236, lip=116.202.194.62, TLS handshaking: read(size=706) failed: Connection reset by peer, session=<dLjTlwPmFOjQZBrs>
Aug 12 07:19:50 server dovecot: pop3-login: Disconnected: Connection closed: read(size=684) failed: Connection reset by peer (no auth attempts in 1 secs): user=<>, rip=208.100.26.236, lip=116.202.194.62, TLS handshaking: read(size=684) failed: Connection reset by peer, session=<w8/TlwPmHOjQZBrs>
Aug 12 07:19:50 server dovecot: pop3-login: Disconnected: Connection closed: read(size=708) failed: Connection reset by peer (no auth attempts in 1 secs): user=<>, rip=208.100.26.236, lip=116.202.194.62, TLS handshaking: read(size=708) failed: Connection reset by peer, session=<7eTTlwPmEujQZBrs>
Aug 12 07:19:50 server dovecot: pop3-login: Disconnected: Connection closed: read(size=708) failed: Connection reset by peer (no auth attempts in 1 secs): user=<>, rip=208.100.26.236, lip=116.202.194.62, TLS handshaking: read(size=708) failed: Connection reset by peer, session=<qvvTlwPmIujQZBrs>
Aug 12 07:19:50 server dovecot: pop3-login: Disconnected: Connection closed: SSL_accept() failed: error:1408A0C1:SSL routines:ssl3_get_client_hello:no shared cipher (no auth attempts in 0 secs): user=<>, rip=208.100.26.236, lip=116.202.194.62, TLS handshaking: SSL_accept() failed: error:1408A0C1:SSL routines:ssl3_get_client_hello:no shared cipher, session=<7cjUlwPmAurQZBrs>
Aug 12 07:19:50 server dovecot: pop3-login: Disconnected: Connection closed: read(size=710) failed: Connection reset by peer (no auth attempts in 0 secs): user=<>, rip=208.100.26.236, lip=116.202.194.62, TLS handshaking: read(size=710) failed: Connection reset by peer, session=<XjPWlwPm2OnQZBrs>
Aug 12 07:19:50 server dovecot: pop3-login: Disconnected: Connection closed (no auth attempts in 0 secs): user=<>, rip=208.100.26.236, lip=116.202.194.62, TLS handshaking: Connection closed, session=<kVnWlwPmMurQZBrs>
Aug 12 07:19:50 server dovecot: pop3-login: Disconnected: Connection closed: read(size=688) failed: Connection reset by peer (no auth attempts in 0 secs): user=<>, rip=208.100.26.236, lip=116.202.194.62, TLS handshaking: read(size=688) failed: Connection reset by peer, session=<nHfWlwPmQurQZBrs>
Aug 12 07:19:50 server dovecot: pop3-login: Disconnected: Connection closed: read(size=688) failed: Connection reset by peer (no auth attempts in 0 secs): user=<>, rip=208.100.26.236, lip=116.202.194.62, TLS handshaking: read(size=688) failed: Connection reset by peer, session=<g5PWlwPmVurQZBrs>
Aug 12 07:19:50 server dovecot: pop3-login: Disconnected: Connection closed: read(size=710) failed: Connection reset by peer (no auth attempts in 0 secs): user=<>, rip=208.100.26.236, lip=116.202.194.62, TLS handshaking: read(size=710) failed: Connection reset by peer, session=<garWlwPmfOrQZBrs>
Aug 12 07:19:50 server dovecot: pop3-login: Disconnected: Connection closed: read(size=686) failed: Connection reset by peer (no auth attempts in 0 secs): user=<>, rip=208.100.26.236, lip=116.202.194.62, TLS handshaking: read(size=686) failed: Connection reset by peer, session=<zMPWlwPmrOrQZBrs>
Aug 12 07:19:50 server dovecot: pop3-login: Disconnected: Connection closed (no auth attempts in 0 secs): user=<>, rip=208.100.26.236, lip=116.202.194.62, TLS handshaking: Connection closed, session=<MsnWlwPmtOrQZBrs>
Aug 12 07:19:50 server dovecot: pop3-login: Disconnected: Connection closed: read(size=686) failed: Connection reset by peer (no auth attempts in 0 secs): user=<>, rip=208.100.26.236, lip=116.202.194.62, TLS handshaking: read(size=686) failed: Connection reset by peer, session=<cuLWlwPmvurQZBrs>
Aug 12 07:19:50 server dovecot: pop3-login: Disconnected: Connection closed: read(size=710) failed: Connection reset by peer (no auth attempts in 0 secs): user=<>, rip=208.100.26.236, lip=116.202.194.62, TLS handshaking: read(size=710) failed: Connection reset by peer, session=<9PrWlwPmwurQZBrs>
Aug 12 07:19:50 server dovecot: pop3-login: Disconnected: Connection closed: read(size=710) failed: Connection reset by peer (no auth attempts in 0 secs): user=<>, rip=208.100.26.236, lip=116.202.194.62, TLS handshaking: read(size=710) failed: Connection reset by peer, session=<JBLXlwPmxurQZBrs>
Aug 12 07:19:50 server dovecot: pop3-login: Disconnected: Connection closed: SSL_accept() failed: error:1408A0C1:SSL routines:ssl3_get_client_hello:no shared cipher (no auth attempts in 0 secs): user=<>, rip=208.100.26.236, lip=116.202.194.62, TLS handshaking: SSL_accept() failed: error:1408A0C1:SSL routines:ssl3_get_client_hello:no shared cipher, session=<Vj7YlwPm2uzQZBrs>
Aug 12 07:19:50 server dovecot: pop3-login: Disconnected: Connection closed: SSL_accept() failed: error:1408A0C1:SSL routines:ssl3_get_client_hello:no shared cipher (no auth attempts in 0 secs): user=<>, rip=208.100.26.236, lip=116.202.194.62, TLS handshaking: SSL_accept() failed: error:1408A0C1:SSL routines:ssl3_get_client_hello:no shared cipher, session=<3KHYlwPmSu3QZBrs>
Aug 12 07:19:50 server dovecot: pop3-login: Disconnected: Connection closed (no auth attempts in 0 secs): user=<>, rip=208.100.26.236, lip=116.202.194.62, TLS handshaking: Connection closed, session=<JUTZlwPmcOzQZBrs>
Aug 12 07:19:50 server dovecot: pop3-login: Disconnected: Connection closed (no auth attempts in 0 secs): user=<>, rip=208.100.26.236, lip=116.202.194.62, TLS handshaking: Connection closed, session=<DGjZlwPmduzQZBrs>
Aug 12 07:19:50 server dovecot: pop3-login: Disconnected: Connection closed: read(size=690) failed: Connection reset by peer (no auth attempts in 0 secs): user=<>, rip=208.100.26.236, lip=116.202.194.62, TLS handshaking: read(size=690) failed: Connection reset by peer, session=<m4nZlwPmoOzQZBrs>
Aug 12 07:19:50 server dovecot: pop3-login: Disconnected: Connection closed: read(size=690) failed: Connection reset by peer (no auth attempts in 0 secs): user=<>, rip=208.100.26.236, lip=116.202.194.62, TLS handshaking: read(size=690) failed: Connection reset by peer, session=<JqXZlwPmxuzQZBrs>
Aug 12 07:19:50 server dovecot: pop3-login: Disconnected: Connection closed: read(size=688) failed: Connection reset by peer (no auth attempts in 0 secs): user=<>, rip=208.100.26.236, lip=116.202.194.62, TLS handshaking: read(size=688) failed: Connection reset by peer, session=<bdjZlwPm5OzQZBrs>
Aug 12 07:19:50 server dovecot: pop3-login: Disconnected: Connection closed (no auth attempts in 0 secs): user=<>, rip=208.100.26.236, lip=116.202.194.62, TLS handshaking: Connection closed, session=<iObZlwPm7uzQZBrs>
Aug 12 07:19:50 server dovecot: pop3-login: Disconnected: Connection closed: read(size=688) failed: Connection reset by peer (no auth attempts in 0 secs): user=<>, rip=208.100.26.236, lip=116.202.194.62, TLS handshaking: read(size=688) failed: Connection reset by peer, session=<ZfrZlwPm/uzQZBrs>
Aug 12 07:19:50 server dovecot: pop3-login: Disconnected: Connection closed: read(size=712) failed: Connection reset by peer (no auth attempts in 0 secs): user=<>, rip=208.100.26.236, lip=116.202.194.62, TLS handshaking: read(size=712) failed: Connection reset by peer, session=<tRHalwPmGu3QZBrs>
Aug 12 07:19:50 server dovecot: pop3-login: Disconnected: Connection closed: SSL_accept() failed: error:1408A0C1:SSL routines:ssl3_get_client_hello:no shared cipher (no auth attempts in 0 secs): user=<>, rip=208.100.26.236, lip=116.202.194.62, TLS handshaking: SSL_accept() failed: error:1408A0C1:SSL routines:ssl3_get_client_hello:no shared cipher, session=<nPjalwPmOIDQZBrs>
Aug 12 07:19:50 server dovecot: pop3-login: Disconnected: Connection closed: SSL_accept() failed: error:1408A0C1:SSL routines:ssl3_get_client_hello:no shared cipher (no auth attempts in 0 secs): user=<>, rip=208.100.26.236, lip=116.202.194.62, TLS handshaking: SSL_accept() failed: error:1408A0C1:SSL routines:ssl3_get_client_hello:no shared cipher, session=<unvblwPmboDQZBrs>
Aug 12 07:19:50 server dovecot: pop3-login: Disconnected: Connection closed: SSL_accept() failed: error:1408A0C1:SSL routines:ssl3_get_client_hello:no shared cipher (no auth attempts in 0 secs): user=<>, rip=208.100.26.236, lip=116.202.194.62, TLS handshaking: SSL_accept() failed: error:1408A0C1:SSL routines:ssl3_get_client_hello:no shared cipher, session=<L6HblwPmjoDQZBrs>
Aug 12 07:19:50 server dovecot: pop3-login: Disconnected: Connection closed (no auth attempts in 0 secs): user=<>, rip=208.100.26.236, lip=116.202.194.62, TLS handshaking: Connection closed, session=<t1TclwPmIoDQZBrs>
Aug 12 07:19:50 server dovecot: pop3-login: Disconnected: Connection closed (no auth attempts in 0 secs): user=<>, rip=208.100.26.236, lip=116.202.194.62, TLS handshaking: Connection closed, session=<wJjclwPmUIDQZBrs>
